
> my-app@0.0.0 build
> prisma generate && tsc -b && vite build

node.exe : Environment 
variables loaded from 
.env
At line:1 char:1
+ & "C:\Program 
Files\nodejs/node.exe" 
"C:\Program 
Files\nodejs/node_mo 
...
+ ~~~~~~~~~~~~~~~~~~~~~
~~~~~~~~~~~~~~~~~~~~~~~
~~~~~~~~~~~~~~~~~~~~~~~
~~
    + CategoryInfo     
         : NotSpecifi  
  ed: (Environment v   
 ariables loaded fr    
om .env:String) []    
, RemoteException
    + FullyQualifiedEr 
   rorId : NativeComm  
  andError
 
Prisma schema loaded from prisma\schema.prisma
Error: 
EPERM: operation not 
permitted, rename 'C:\U
sers\HP\Desktop\lock 
in it is\lock_in_app\no
de_modules\.prisma\clie
nt\query_engine-windows
.dll.node.tmp13048' -> 
'C:\Users\HP\Desktop\lo
ck in it is\lock_in_app
\node_modules\.prisma\c
lient\query_engine-wind
ows.dll.node'


